
> coach-tracker@0.0.0 build
> ng build

[33mÔØ»[39m Building...
[32mÔ£ö[39m Building...
[1mInitial chunk files[22m[2m | [22m[1mNames[22m        [2m | [22m [1mRaw size[22m[2m | [22m[1mEstimated transfer size[22m
[32mmain-FPKEXXYW.js[39m   [2m | [22m[2mmain[22m         [2m | [22m[36m883.19 kB[39m[2m | [22m              [36m158.04 kB[39m
[32mchunk-CEHJUAVU.js[39m  [2m | [22m[2m-[22m            [2m | [22m[36m163.38 kB[39m[2m | [22m               [36m47.13 kB[39m
[32mstyles-HEPNWU6M.css[39m[2m | [22m[2mstyles[22m       [2m | [22m [36m13.35 kB[39m[2m | [22m                [36m2.47 kB[39m

[1m [22m                  [2m | [22m[1mInitial total[22m[2m | [22m  [1m[91m1.06 MB[39m[22m[2m | [22m              [1m207.64 kB[22m

[1mLazy chunk files[22m   [2m | [22m[1mNames[22m        [2m | [22m [1mRaw size[22m[2m | [22m[1mEstimated transfer size[22m
[32mchunk-URJ6BGLC.js[39m  [2m | [22m[2mbrowser[22m      [2m | [22m [36m67.75 kB[39m[2m | [22m               [36m17.78 kB[39m

Application bundle generation failed. [2.640 seconds] - 2026-03-15T20:01:14.636Z

node.exe : [1m[33m[3
3mÔû▓ [43;33m[[43;30m
WARNING[43;33m][0m [
1mbundle initial exceed
ed maximum budget. Budg
et 500.00 kB was not me
t by 559.92 kB with a t
otal of 1.06 MB.[0m
At line:1 char:1
+ & "C:\Program Files\n
odejs/node.exe" "C:\Pro
gram Files\nodejs/node_
mo ...
+ ~~~~~~~~~~~~~~~~~~~~~
~~~~~~~~~~~~~~~~~~~~~~~
~~~~~~~~~~~~~~~~~~~~~~~
~~
    + CategoryInfo     
         : NotSpecified
: ([1    m[33m[33mÔ.
..of 1.06     MB.[0m:S
tring) [], R    emoteEx
ception
    + FullyQualifiedErr
orI    d : NativeComman
dError
 

[39m[22m
[1m[31m[31mX [41;31
m[[41;97mERROR[41;31m
][0m [1mbundle initia
l exceeded maximum budg
et. Budget 1.00 MB was 
not met by 59.92 kB wit
h a total of 1.06 MB.[
0m

[39m[22m
