
> coach-tracker@0.0.0 build
> ng build

[33mÔØ»[39m Building...
[32mÔ£ö[39m Building...
Application bundle generation failed. [1.408 seconds] - 2026-03-15T19:55:57.649Z

node.exe : [1m[31m[3
1mX [41;31m[[41;97mER
ROR[41;31m][0m [1mTS
2307: Cannot find modul
e 'primeng/dropdown' or
 its corresponding type
 declarations.[0m [1m
[35m[plugin angular-co
mpiler][0m
At line:1 char:1
+ & "C:\Program Files\n
odejs/node.exe" "C:\Pro
gram Files\nodejs/node_
mo ...
+ ~~~~~~~~~~~~~~~~~~~~~
~~~~~~~~~~~~~~~~~~~~~~~
~~~~~~~~~~~~~~~~~~~~~~~
~~
    + CategoryInfo     
         : NotSpecifi  
  ed: ([1m[31m[31   
 mX...r-compiler][    
0m:String) [], Rem    o
teException
    + FullyQualifiedEr 
   rorId : NativeComm  
  andError
 

    src/app/pages/plan/
plan.ts:9:31:
[37m      9 Ôöé import
 { DropdownModule } fro
m [32m'primeng/dropdow
n'[37m;
        ÔòÁ            
                    [3
2m~~~~~~~~~~~~~~~~~~[0
m


[31mX [41;31m[[41;97
mERROR[41;31m][0m [1
mNG1010: 'imports' must
 be an array of compone
nts, directives, pipes,
 or NgModules.
  Value could not be de
termined statically.[0
m [1m[35m[plugin angu
lar-compiler][0m

    src/app/pages/plan/
plan.ts:16:39:
[37m      16 Ôöé ...mm
onModule, FormsModule, 
[32mDropdownModule[37
m, ButtonModule, CardMo
du...
         ÔòÁ           
                  [32m
~~~~~~~~~~~~~~[0m

  Unknown reference.

    src/app/pages/plan/
plan.ts:16:39:
[37m      16 Ôöé ...mm
onModule, FormsModule, 
[32mDropdownModule[37
m, ButtonModule, CardMo
du...
         ÔòÁ           
                  [32m
~~~~~~~~~~~~~~[0m


[31mX [41;31m[[41;97
mERROR[41;31m][0m [1
mCould not resolve "@an
gular/animations/browse
r"[0m

    node_modules/@angul
ar/platform-browser/fes
m2022/animations-async.
mjs:37:53:
[37m      37 Ôöé ....m
oduleImpl ?? import([3
2m'@angular/animations/
browser'[37m).then(m =
> m);
         ÔòÁ           
               [32m~~~
~~~~~~~~~~~~~~~~~~~~~~~
~~~[0m

  You can mark the path
 "@angular/animations/b
rowser" as external to 
exclude it from the bun
dle, which will remove 
this error and leave th
e unresolved path in th
e bundle. You can also 
add ".catch()" here to 
handle this failure at 
run-time instead of bun
dle-time.


[31mX [41;31m[[41;97
mERROR[41;31m][0m [1
mCould not resolve "pri
meng/dropdown"[0m

    src/app/pages/plan/
plan.ts:9:31:
[37m      9 Ôöé import
 { DropdownModule } fro
m [32m'primeng/dropdow
n'[37m;
        ÔòÁ            
                    [3
2m~~~~~~~~~~~~~~~~~~[0
m

  The path "./dropdown"
 is not exported by pac
kage "primeng":

    node_modules/primen
g/package.json:47:13:
[37m      47 Ôöé   "ex
ports": [32m{[37m
         ÔòÁ           
   [32m^[0m

  You can mark the path
 "primeng/dropdown" as 
external to exclude it 
from the bundle, which 
will remove this error 
and leave the unresolve
d path in the bundle.


[31mX [41;31m[[41;97
mERROR[41;31m][0m [1
mCould not resolve "nod
e_modules/primeng/resou
rces/themes/lara-dark-b
lue/theme.css"[0m

    angular:styles/glob
al:styles:1:8:
[37m      1 Ôöé @impor
t [32m'node_modules/pr
imeng/resources/themes/
lara-dark-blue/theme[3
7m...
        ÔòÁ         [3
2m~~~~~~~~~~~~~~~~~~~~~
~~~~~~~~~~~~~~~~~~~~~~~
~~~~~~~~~~~~~~~[0m

  You can mark the path
 "node_modules/primeng/
resources/themes/lara-d
ark-blue/theme.css" as 
external to exclude it 
from the bundle, which 
will remove this error 
and leave the unresolve
d path in the bundle.


[31mX [41;31m[[41;97
mERROR[41;31m][0m [1
mCould not resolve "nod
e_modules/primeng/resou
rces/primeng.min.css"[
0m

    angular:styles/glob
al:styles:2:8:
[37m      2 Ôöé @impor
t [32m'node_modules/pr
imeng/resources/primeng
.min.css'[37m;
        ÔòÁ         [3
2m~~~~~~~~~~~~~~~~~~~~~
~~~~~~~~~~~~~~~~~~~~~~~
~~~~[0m

  You can mark the path
 "node_modules/primeng/
resources/primeng.min.c
ss" as external to excl
ude it from the bundle,
 which will remove this
 error and leave the un
resolved path in the bu
ndle.

[39m[22m
